# generated on Tue Oct  6 21:45:57 2026
# Top Cell: SYS_TOP

------------------------------------------------------------
          timeDesign Summary                             
------------------------------------------------------------

+--------------------+---------+---------+---------+---------+---------+---------+
|     Hold mode      |   all   | reg2reg | in2reg  | reg2out | in2out  | clkgate |
+--------------------+---------+---------+---------+---------+---------+---------+
|           WNS (ns):|  0.066  |  0.066  |  0.099  |  3.033  |   N/A   |  0.469  |
|           TNS (ns):|  0.000  |  0.000  |  0.000  |  0.000  |   N/A   |  0.000  |
|    Violating Paths:|    0    |    0    |    0    |    0    |   N/A   |    0    |
|          All Paths:|  1174   |  1160   |   409   |    7    |   N/A   |    1    |
+--------------------+---------+---------+---------+---------+---------+---------+

Density: 87.279%
Routing Overflow: 0.02% H and 1.15% V
------------------------------------------------------------
