**************************************************
Report         : passing_points

Reference      : Ref:/WORK/UART_TX
Implementation : Imp:/WORK/UART_TX
Version        : L-2016.03-SP1
Date           : Tue Sep  8 04:31:43 2026
**************************************************

26 Passing compare points:

  Ref  DFF        Ref:/WORK/UART_TX/u_fsm/Current_State_reg[0]
  Impl DFF        Imp:/WORK/UART_TX/u_fsm/Current_State_reg_0_

  Ref  DFF        Ref:/WORK/UART_TX/u_fsm/Current_State_reg[1]
  Impl DFF        Imp:/WORK/UART_TX/u_fsm/Current_State_reg_1_

  Ref  DFF        Ref:/WORK/UART_TX/u_fsm/Current_State_reg[2]
  Impl DFF        Imp:/WORK/UART_TX/u_fsm/Current_State_reg_2_

  Ref  DFF        Ref:/WORK/UART_TX/u_fsm/busy_reg
  Impl DFF        Imp:/WORK/UART_TX/u_fsm/busy_reg

  Ref  DFF        Ref:/WORK/UART_TX/u_parity/DATA_V_reg[0]
  Impl DFF        Imp:/WORK/UART_TX/u_parity/DATA_V_reg_0_

  Ref  DFF        Ref:/WORK/UART_TX/u_parity/DATA_V_reg[1]
  Impl DFF        Imp:/WORK/UART_TX/u_parity/DATA_V_reg_1_

  Ref  DFF        Ref:/WORK/UART_TX/u_parity/DATA_V_reg[2]
  Impl DFF        Imp:/WORK/UART_TX/u_parity/DATA_V_reg_2_

  Ref  DFF        Ref:/WORK/UART_TX/u_parity/DATA_V_reg[3]
  Impl DFF        Imp:/WORK/UART_TX/u_parity/DATA_V_reg_3_

  Ref  DFF        Ref:/WORK/UART_TX/u_parity/DATA_V_reg[4]
  Impl DFF        Imp:/WORK/UART_TX/u_parity/DATA_V_reg_4_

  Ref  DFF        Ref:/WORK/UART_TX/u_parity/DATA_V_reg[5]
  Impl DFF        Imp:/WORK/UART_TX/u_parity/DATA_V_reg_5_

  Ref  DFF        Ref:/WORK/UART_TX/u_parity/DATA_V_reg[6]
  Impl DFF        Imp:/WORK/UART_TX/u_parity/DATA_V_reg_6_

  Ref  DFF        Ref:/WORK/UART_TX/u_parity/DATA_V_reg[7]
  Impl DFF        Imp:/WORK/UART_TX/u_parity/DATA_V_reg_7_

  Ref  DFF        Ref:/WORK/UART_TX/u_parity/par_bit_reg
  Impl DFF        Imp:/WORK/UART_TX/u_parity/par_bit_reg

  Ref  DFF        Ref:/WORK/UART_TX/u_serializer/DATA_V_reg[0]
  Impl DFF        Imp:/WORK/UART_TX/u_serializer/DATA_V_reg_0_

  Ref  DFF        Ref:/WORK/UART_TX/u_serializer/DATA_V_reg[1]
  Impl DFF        Imp:/WORK/UART_TX/u_serializer/DATA_V_reg_1_

  Ref  DFF        Ref:/WORK/UART_TX/u_serializer/DATA_V_reg[2]
  Impl DFF        Imp:/WORK/UART_TX/u_serializer/DATA_V_reg_2_

  Ref  DFF        Ref:/WORK/UART_TX/u_serializer/DATA_V_reg[3]
  Impl DFF        Imp:/WORK/UART_TX/u_serializer/DATA_V_reg_3_

  Ref  DFF        Ref:/WORK/UART_TX/u_serializer/DATA_V_reg[4]
  Impl DFF        Imp:/WORK/UART_TX/u_serializer/DATA_V_reg_4_

  Ref  DFF        Ref:/WORK/UART_TX/u_serializer/DATA_V_reg[5]
  Impl DFF        Imp:/WORK/UART_TX/u_serializer/DATA_V_reg_5_

  Ref  DFF        Ref:/WORK/UART_TX/u_serializer/DATA_V_reg[6]
  Impl DFF        Imp:/WORK/UART_TX/u_serializer/DATA_V_reg_6_

  Ref  DFF        Ref:/WORK/UART_TX/u_serializer/DATA_V_reg[7]
  Impl DFF        Imp:/WORK/UART_TX/u_serializer/DATA_V_reg_7_

  Ref  DFF        Ref:/WORK/UART_TX/u_serializer/ser_count_reg[0]
  Impl DFF        Imp:/WORK/UART_TX/u_serializer/ser_count_reg_0_

  Ref  DFF        Ref:/WORK/UART_TX/u_serializer/ser_count_reg[1]
  Impl DFF        Imp:/WORK/UART_TX/u_serializer/ser_count_reg_1_

  Ref  DFF        Ref:/WORK/UART_TX/u_serializer/ser_count_reg[2]
  Impl DFF        Imp:/WORK/UART_TX/u_serializer/ser_count_reg_2_

  Ref  Port       Ref:/WORK/UART_TX/Busy
  Impl Port       Imp:/WORK/UART_TX/Busy

  Ref  Port       Ref:/WORK/UART_TX/TX_OUT
  Impl Port       Imp:/WORK/UART_TX/TX_OUT

 [BBNet: multiply-driven net
  BBPin: black-box pin
  Cut:   cut-point
  DFF:   non-constant DFF register
  DFF0:  constant 0 DFF register
  DFF1:  constant 1 DFF register
  DFFX:  constant X DFF register
  DFF0X: constrained 0X DFF register
  DFF1X: constrained 1X DFF register
  LAT:   non-constant latch register
  LAT0:  constant 0 latch register
  LAT1:  constant 1 latch register
  LATX:  constant X latch register
  LAT0X: constrained 0X latch register
  LAT1X: constrained 1X latch register
  LATCG: clock-gating latch register
  TLA:   transparent latch register
  TLA0X: transparent constrained 0X latch register
  TLA1X: transparent constrained 1X latch register
  Loop:  cycle break point
  Port:  primary (top-level) port
  Und:   undriven signal cut-point
  Unk:   unknown signal cut-point]

1
