
                           Design Compiler Graphical 
                                 DC Ultra (TM)
                                  DFTMAX (TM)
                              Power Compiler (TM)
                                 DesignWare (R)
                                 DC Expert (TM)
                               Design Vision (TM)
                               HDL Compiler (TM)
                               VHDL Compiler (TM)
                                  DFT Compiler
                               Design Compiler(R)

               Version O-2018.06-SP1 for linux64 - Jul 19, 2018 

                    Copyright (c) 1988 - 2018 Synopsys, Inc.
   This software and the associated documentation are proprietary to Synopsys,
 Inc. This software may only be used in accordance with the terms and conditions
 of a written license agreement with Synopsys, Inc. All other use, reproduction,
            or distribution of this software is strictly prohibited.
Initializing...
Initializing gui preferences from file  /home/ICer/.synopsys_dv_prefs.tcl
########################### Define Top Module ############################
set top_module UART_TX
UART_TX
##################### Define Working Library Directory ######################
define_design_lib work -path ./work
1
################## Design Compiler Library Files #setup ######################
lappend search_path /home/ICer/Assignments/ASS2/SYN/std_cells
. /home/synopsys/syn/O-2018.06-SP1/libraries/syn /home/synopsys/syn/O-2018.06-SP1/minpower/syn /home/synopsys/syn/O-2018.06-SP1/dw/syn_ver /home/synopsys/syn/O-2018.06-SP1/dw/sim_ver /home/ICer/Assignments/ASS2/SYN/std_cells
lappend search_path /home/ICer/Assignments/ASS2/RTL
. /home/synopsys/syn/O-2018.06-SP1/libraries/syn /home/synopsys/syn/O-2018.06-SP1/minpower/syn /home/synopsys/syn/O-2018.06-SP1/dw/syn_ver /home/synopsys/syn/O-2018.06-SP1/dw/sim_ver /home/ICer/Assignments/ASS2/SYN/std_cells /home/ICer/Assignments/ASS2/RTL
set SSLIB "scmetro_tsmc_cl013g_rvt_ss_1p08v_125c.db"
scmetro_tsmc_cl013g_rvt_ss_1p08v_125c.db
set TTLIB "scmetro_tsmc_cl013g_rvt_tt_1p2v_25c.db"
scmetro_tsmc_cl013g_rvt_tt_1p2v_25c.db
set FFLIB "scmetro_tsmc_cl013g_rvt_ff_1p32v_m40c.db"
scmetro_tsmc_cl013g_rvt_ff_1p32v_m40c.db
## Standard Cell libraries 
set target_library [list $SSLIB $TTLIB $FFLIB]
scmetro_tsmc_cl013g_rvt_ss_1p08v_125c.db scmetro_tsmc_cl013g_rvt_tt_1p2v_25c.db scmetro_tsmc_cl013g_rvt_ff_1p32v_m40c.db
## Standard Cell & Hard Macros libraries 
set link_library [list * $SSLIB $TTLIB $FFLIB]  
* scmetro_tsmc_cl013g_rvt_ss_1p08v_125c.db scmetro_tsmc_cl013g_rvt_tt_1p2v_25c.db scmetro_tsmc_cl013g_rvt_ff_1p32v_m40c.db
#echo "###############################################"
#echo "############# Reading RTL Files  ##############"
#echo "###############################################"
#UART_TX Files
puts "###########################################"
###########################################
puts "#             Reading RTL Files           #"
#             Reading RTL Files           #
puts "###########################################"
###########################################
set file_format verilog
verilog
read_file -format $file_format FSM.v
Loading db file '/home/ICer/Assignments/ASS2/SYN/std_cells/scmetro_tsmc_cl013g_rvt_ss_1p08v_125c.db'
Loading db file '/home/ICer/Assignments/ASS2/SYN/std_cells/scmetro_tsmc_cl013g_rvt_tt_1p2v_25c.db'
Loading db file '/home/ICer/Assignments/ASS2/SYN/std_cells/scmetro_tsmc_cl013g_rvt_ff_1p32v_m40c.db'
Loading db file '/home/synopsys/syn/O-2018.06-SP1/libraries/syn/gtech.db'
Loading db file '/home/synopsys/syn/O-2018.06-SP1/libraries/syn/standard.sldb'
  Loading link library 'scmetro_tsmc_cl013g_rvt_ss_1p08v_125c'
  Loading link library 'scmetro_tsmc_cl013g_rvt_tt_1p2v_25c'
  Loading link library 'scmetro_tsmc_cl013g_rvt_ff_1p32v_m40c'
  Loading link library 'gtech'
Loading verilog file '/home/ICer/Assignments/ASS2/RTL/FSM.v'
Detecting input file type automatically (-rtl or -netlist).
Reading with Presto HDL Compiler (equivalent to -rtl option).
Running PRESTO HDLC
Compiling source file /home/ICer/Assignments/ASS2/RTL/FSM.v

Statistics for case statements in always block at line 39 in file
	'/home/ICer/Assignments/ASS2/RTL/FSM.v'
===============================================
|           Line           |  full/ parallel  |
===============================================
|            41            |    auto/auto     |
===============================================

Statistics for case statements in always block at line 80 in file
	'/home/ICer/Assignments/ASS2/RTL/FSM.v'
===============================================
|           Line           |  full/ parallel  |
===============================================
|            85            |    auto/auto     |
===============================================

Inferred memory devices in process
	in routine FSM line 29 in file
		'/home/ICer/Assignments/ASS2/RTL/FSM.v'.
===============================================================================
|    Register Name    |   Type    | Width | Bus | MB | AR | AS | SR | SS | ST |
===============================================================================
|  Current_State_reg  | Flip-flop |   3   |  Y  | N  | Y  | N  | N  | N  | N  |
===============================================================================

Inferred memory devices in process
	in routine FSM line 112 in file
		'/home/ICer/Assignments/ASS2/RTL/FSM.v'.
===============================================================================
|    Register Name    |   Type    | Width | Bus | MB | AR | AS | SR | SS | ST |
===============================================================================
|      busy_reg       | Flip-flop |   1   |  N  | N  | Y  | N  | N  | N  | N  |
===============================================================================
Presto compilation completed successfully.
Current design is now '/home/ICer/Assignments/ASS2/RTL/FSM.db:FSM'
Loaded 1 design.
Current design is 'FSM'.
FSM
read_file -format $file_format MUX.v
Loading verilog file '/home/ICer/Assignments/ASS2/RTL/MUX.v'
Detecting input file type automatically (-rtl or -netlist).
Reading with Presto HDL Compiler (equivalent to -rtl option).
Running PRESTO HDLC
Compiling source file /home/ICer/Assignments/ASS2/RTL/MUX.v

Statistics for case statements in always block at line 15 in file
	'/home/ICer/Assignments/ASS2/RTL/MUX.v'
===============================================
|           Line           |  full/ parallel  |
===============================================
|            16            |    auto/auto     |
===============================================
Presto compilation completed successfully.
Current design is now '/home/ICer/Assignments/ASS2/RTL/MUX.db:MUX'
Loaded 1 design.
Current design is 'MUX'.
MUX
read_file -format $file_format Parity_Calc.v
Loading verilog file '/home/ICer/Assignments/ASS2/RTL/Parity_Calc.v'
Detecting input file type automatically (-rtl or -netlist).
Reading with Presto HDL Compiler (equivalent to -rtl option).
Running PRESTO HDLC
Compiling source file /home/ICer/Assignments/ASS2/RTL/Parity_Calc.v

Statistics for case statements in always block at line 30 in file
	'/home/ICer/Assignments/ASS2/RTL/Parity_Calc.v'
===============================================
|           Line           |  full/ parallel  |
===============================================
|            40            |    auto/auto     |
===============================================

Inferred memory devices in process
	in routine Parity_Calc line 17 in file
		'/home/ICer/Assignments/ASS2/RTL/Parity_Calc.v'.
===============================================================================
|    Register Name    |   Type    | Width | Bus | MB | AR | AS | SR | SS | ST |
===============================================================================
|     DATA_V_reg      | Flip-flop |   8   |  Y  | N  | Y  | N  | N  | N  | N  |
===============================================================================

Inferred memory devices in process
	in routine Parity_Calc line 30 in file
		'/home/ICer/Assignments/ASS2/RTL/Parity_Calc.v'.
===============================================================================
|    Register Name    |   Type    | Width | Bus | MB | AR | AS | SR | SS | ST |
===============================================================================
|     par_bit_reg     | Flip-flop |   1   |  N  | N  | Y  | N  | N  | N  | N  |
===============================================================================
Presto compilation completed successfully.
Current design is now '/home/ICer/Assignments/ASS2/RTL/Parity_Calc.db:Parity_Calc'
Loaded 1 design.
Current design is 'Parity_Calc'.
Parity_Calc
read_file -format $file_format serializer.v
Loading verilog file '/home/ICer/Assignments/ASS2/RTL/serializer.v'
Detecting input file type automatically (-rtl or -netlist).
Reading with Presto HDL Compiler (equivalent to -rtl option).
Running PRESTO HDLC
Compiling source file /home/ICer/Assignments/ASS2/RTL/serializer.v

Inferred memory devices in process
	in routine Serializer line 19 in file
		'/home/ICer/Assignments/ASS2/RTL/serializer.v'.
===============================================================================
|    Register Name    |   Type    | Width | Bus | MB | AR | AS | SR | SS | ST |
===============================================================================
|     DATA_V_reg      | Flip-flop |   8   |  Y  | N  | Y  | N  | N  | N  | N  |
===============================================================================

Inferred memory devices in process
	in routine Serializer line 37 in file
		'/home/ICer/Assignments/ASS2/RTL/serializer.v'.
===============================================================================
|    Register Name    |   Type    | Width | Bus | MB | AR | AS | SR | SS | ST |
===============================================================================
|    ser_count_reg    | Flip-flop |   3   |  Y  | N  | Y  | N  | N  | N  | N  |
===============================================================================
Presto compilation completed successfully.
Current design is now '/home/ICer/Assignments/ASS2/RTL/Serializer.db:Serializer'
Loaded 1 design.
Current design is 'Serializer'.
Serializer
read_file -format $file_format UART_TX.v
Loading verilog file '/home/ICer/Assignments/ASS2/RTL/UART_TX.v'
Detecting input file type automatically (-rtl or -netlist).
Reading with Presto HDL Compiler (equivalent to -rtl option).
Running PRESTO HDLC
Compiling source file /home/ICer/Assignments/ASS2/RTL/UART_TX.v
Presto compilation completed successfully.
Current design is now '/home/ICer/Assignments/ASS2/RTL/UART_TX.db:UART_TX'
Loaded 1 design.
Current design is 'UART_TX'.
UART_TX
read_file -format $file_format mux2X1.v
Loading verilog file '/home/ICer/Assignments/ASS2/RTL/mux2X1.v'
Detecting input file type automatically (-rtl or -netlist).
Reading with Presto HDL Compiler (equivalent to -rtl option).
Running PRESTO HDLC
Compiling source file /home/ICer/Assignments/ASS2/RTL/mux2X1.v
Presto compilation completed successfully.
Current design is now '/home/ICer/Assignments/ASS2/RTL/mux2X1.db:mux2X1'
Loaded 1 design.
Current design is 'mux2X1'.
mux2X1
###################### Defining toplevel ###################################
current_design $top_module
Current design is 'UART_TX'.
{UART_TX}
#################### Liniking All The Design Parts #########################
puts "###############################################"
###############################################
puts "######## Liniking All The Design Parts ########"
######## Liniking All The Design Parts ########
puts "###############################################"
###############################################
link 

  Linking design 'UART_TX'
  Using the following designs and libraries:
  --------------------------------------------------------------------------
  * (6 designs)               /home/ICer/Assignments/ASS2/RTL/UART_TX.db, etc
  scmetro_tsmc_cl013g_rvt_ss_1p08v_125c (library) /home/ICer/Assignments/ASS2/SYN/std_cells/scmetro_tsmc_cl013g_rvt_ss_1p08v_125c.db
  scmetro_tsmc_cl013g_rvt_tt_1p2v_25c (library) /home/ICer/Assignments/ASS2/SYN/std_cells/scmetro_tsmc_cl013g_rvt_tt_1p2v_25c.db
  scmetro_tsmc_cl013g_rvt_ff_1p32v_m40c (library) /home/ICer/Assignments/ASS2/SYN/std_cells/scmetro_tsmc_cl013g_rvt_ff_1p32v_m40c.db

1
#################### Liniking All The Design Parts #########################
puts "###############################################"
###############################################
puts "######## checking design consistency ##########"
######## checking design consistency ##########
puts "###############################################"
###############################################
check_design
 
****************************************
check_design summary:
Version:     O-2018.06-SP1
Date:        Tue Sep  8 03:48:18 2026
****************************************

                   Name                                            Total
--------------------------------------------------------------------------------
Inputs/Outputs                                                      3
    Unconnected ports (LINT-28)                                     3

Cells                                                               1
    Cells do not drive (LINT-1)                                     1
--------------------------------------------------------------------------------

Warning: In design 'Serializer', cell 'C99' does not drive any nets. (LINT-1)
Warning: In design 'UART_TX', port 'SI' is not connected to any nets. (LINT-28)
Warning: In design 'UART_TX', port 'SE' is not connected to any nets. (LINT-28)
Warning: In design 'UART_TX', port 'SO' is not connected to any nets. (LINT-28)
1
############################### Path groups ################################
puts "###############################################"
###############################################
puts "################ Path groups ##################"
################ Path groups ##################
puts "###############################################"
###############################################
group_path -name INREG -from [all_inputs]
1
group_path -name REGOUT -to [all_outputs]
1
group_path -name INOUT -from [all_inputs] -to [all_outputs]
1
#################### Define Design Constraints #########################
puts "###############################################"
###############################################
puts "############ Design Constraints #### ##########"
############ Design Constraints #### ##########
puts "###############################################"
###############################################
source -echo ./cons.tcl
# Constraints
# ----------------------------------------------------------------------------
#
# 1. Master Clock Definitions
#
# 2. Generated Clock Definitions
#
# 3. Clock Uncertainties
#
# 4. Clock Latencies 
#
# 5. Clock Relationships
#
# 6. set input/output delay on ports
#
# 7. Driving cells
#
# 8. Output load
####################################################################################
#########################################################
#### Section 1 : Clock Definition ####
#########################################################
#################################################################################### 
# 1. Master Clock Definitions 
# 2. Generated Clock Definitions
# 3. Clock Latencies
# 4. Clock Uncertainties
# 4. Clock Transitions
####################################################################################
set CLK_NAME clk
set CLK_PER 1000
set CLK_SETUP_SKEW 0.025
set CLK_HOLD_SKEW 0.01
set CLK_LAT 0
set CLK_RISE 0
set CLK_FALL 0
create_clock -name $CLK_NAME -period $CLK_PER -waveform "0 [expr $CLK_PER/2]" [get_ports clk]
set_clock_uncertainty -setup $CLK_SETUP_SKEW [get_clocks $CLK_NAME]
set_clock_uncertainty -hold  $CLK_HOLD_SKEW  [get_clocks $CLK_NAME]
set_clock_transition  -rise  $CLK_RISE       [get_clocks $CLK_NAME]
set_clock_transition  -fall  $CLK_FALL       [get_clocks $CLK_NAME]
set_clock_latency            $CLK_LAT        [get_clocks $CLK_NAME]
set_dont_touch_network [get_clocks clk]
set_dont_touch_network [get_ports RST]
####################################################################################
#########################################################
#### Section 2 : Clocks Relationships ####
#########################################################
####################################################################################
####################################################################################
#########################################################
#### Section 3 : set input/output delay on ports ####
#########################################################
####################################################################################
set in_delay  [expr 0.3*$CLK_PER]
set out_delay [expr 0.3*$CLK_PER]
set_input_delay $in_delay -clock $CLK_NAME [get_ports {P_DATA Data_Valid PAR_EN PAR_TYP SI SE test_mode scan_clk scan_rst } ]
set_output_delay $out_delay -clock $CLK_NAME [get_ports {TX_OUT Busy SO} ]
#Constrain Input Paths
#Constrain Output Paths
####################################################################################
#########################################################
#### Section 4 : Driving cells ####
#########################################################
####################################################################################
set_driving_cell -library scmetro_tsmc_cl013g_rvt_ss_1p08v_125c -lib_cell BUFX2M [get_ports {P_DATA Data_Valid PAR_EN PAR_TYP clk RST} ]
Warning: Design rule attributes from the driving cell will be
	set on the port. (UID-401)
Warning: Design rule attributes from the driving cell will be
	set on the port. (UID-401)
Warning: Design rule attributes from the driving cell will be
	set on the port. (UID-401)
Warning: Design rule attributes from the driving cell will be
	set on the port. (UID-401)
Warning: Design rule attributes from the driving cell will be
	set on the port. (UID-401)
Warning: Design rule attributes from the driving cell will be
	set on the port. (UID-401)
Warning: Design rule attributes from the driving cell will be
	set on the port. (UID-401)
Warning: Design rule attributes from the driving cell will be
	set on the port. (UID-401)
Warning: Design rule attributes from the driving cell will be
	set on the port. (UID-401)
Warning: Design rule attributes from the driving cell will be
	set on the port. (UID-401)
Warning: Design rule attributes from the driving cell will be
	set on the port. (UID-401)
Warning: Design rule attributes from the driving cell will be
	set on the port. (UID-401)
Warning: Design rule attributes from the driving cell will be
	set on the port. (UID-401)
####################################################################################
#########################################################
#### Section 5 : Output load ####
#########################################################
####################################################################################
set_load 0.1 [get_ports {TX_OUT Busy SO} ]
####################################################################################
#########################################################
#### Section 6 : Operating Condition ####
#########################################################
####################################################################################
# Define the Worst Library for Max(#setup) analysis
# Define the Best Library for Min(hold) analysis
set_operating_conditions -max_library scmetro_tsmc_cl013g_rvt_ss_1p08v_125c -max scmetro_tsmc_cl013g_rvt_ss_1p08v_125c -min_library scmetro_tsmc_cl013g_rvt_ff_1p32v_m40c -min scmetro_tsmc_cl013g_rvt_ff_1p32v_m40c
Using operating conditions 'scmetro_tsmc_cl013g_rvt_ss_1p08v_125c' found in library 'scmetro_tsmc_cl013g_rvt_ss_1p08v_125c'.
Using operating conditions 'scmetro_tsmc_cl013g_rvt_ff_1p32v_m40c' found in library 'scmetro_tsmc_cl013g_rvt_ff_1p32v_m40c'.
####################################################################################
#########################################################
#### Section 7 : wireload Model ####
#########################################################
####################################################################################
####################################################################################
#########################################################
#### Section 8 : multicycle path ####
#########################################################
####################################################################################
#################### Archirecture Scan Chains #########################
puts "###############################################"
###############################################
puts "############ Configure scan chains ############"
############ Configure scan chains ############
puts "###############################################"
###############################################
set_scan_configuration -clock_mixing no_mix -style multiplexed_flip_flop -replace true -max_length 100
Accepted scan configuration for modes: all_dft
1
###################### Mapping and optimization ########################
puts "###############################################"
###############################################
puts "########## Mapping & Optimization #############"
########## Mapping & Optimization #############
puts "###############################################"
###############################################
compile -scan
Information: Choosing a test methodology will restrict the optimization of sequential cells. (UIO-12)
Information: Evaluating DesignWare library utilization. (UISN-27)

============================================================================
| DesignWare Building Block Library  |         Version         | Available |
============================================================================
| Basic DW Building Blocks           | O-2018.06-DWBB_201806.1 |     *     |
| Licensed DW Building Blocks        |                         |           |
============================================================================


Information: There are 4 potential problems in your design. Please run 'check_design' for more information. (LINT-99)


Warning: Operating condition scmetro_tsmc_cl013g_rvt_ss_1p08v_125c set on design UART_TX has different process,
voltage and temperatures parameters than the parameters at which target library 
scmetro_tsmc_cl013g_rvt_tt_1p2v_25c is characterized. Delays may be inaccurate as a result. (OPT-998)

  Beginning Pass 1 Mapping
  ------------------------
  Processing 'mux2X1_0'
  Processing 'MUX'
  Processing 'Parity_Calc'
  Processing 'Serializer'
  Processing 'FSM'
  Processing 'UART_TX'

  Updating timing information
Information: Updating design information... (UID-85)

  Beginning Implementation Selection
  ----------------------------------

  Beginning Mapping Optimizations  (Medium effort)
  -------------------------------
Loading db file '/home/ICer/Assignments/ASS2/SYN/std_cells/scmetro_tsmc_cl013g_rvt_tt_1p2v_25c.db'
Loading db file '/home/ICer/Assignments/ASS2/SYN/std_cells/scmetro_tsmc_cl013g_rvt_ff_1p32v_m40c.db'

                                  TOTAL                                      
   ELAPSED            WORST NEG   SETUP    DESIGN                            
    TIME      AREA      SLACK     COST    RULE COST         ENDPOINT         
  --------- --------- --------- --------- --------- -------------------------
    0:00:04    2168.7      0.00       0.0       0.0                          
    0:00:04    2168.7      0.00       0.0       0.0                          
    0:00:04    2168.7      0.00       0.0       0.0                          
    0:00:04    2168.7      0.00       0.0       0.0                          
    0:00:04    2168.7      0.00       0.0       0.0                          
    0:00:04    1299.1      0.00       0.0       0.0                          
    0:00:04    1299.1      0.00       0.0       0.0                          
    0:00:04    1299.1      0.00       0.0       0.0                          
    0:00:04    1299.1      0.00       0.0       0.0                          
    0:00:04    1299.1      0.00       0.0       0.0                          
    0:00:04    1299.1      0.00       0.0       0.0                          
    0:00:04    1299.1      0.00       0.0       0.0                          
    0:00:04    1299.1      0.00       0.0       0.0                          



  Beginning Delay Optimization Phase
  ----------------------------------

                                  TOTAL                                      
   ELAPSED            WORST NEG   SETUP    DESIGN                            
    TIME      AREA      SLACK     COST    RULE COST         ENDPOINT         
  --------- --------- --------- --------- --------- -------------------------
    0:00:04    1299.1      0.00       0.0       0.0                          
    0:00:04    1299.1      0.00       0.0       0.0                          
    0:00:05    1296.7      0.00       0.0       0.0                          


  Beginning Area-Recovery Phase  (cleanup)
  -----------------------------

                                  TOTAL                                      
   ELAPSED            WORST NEG   SETUP    DESIGN                            
    TIME      AREA      SLACK     COST    RULE COST         ENDPOINT         
  --------- --------- --------- --------- --------- -------------------------
    0:00:05    1296.7      0.00       0.0       0.0                          
    0:00:05    1296.7      0.00       0.0       0.0                          
    0:00:05    1296.7      0.00       0.0       0.0                          
    0:00:05    1296.7      0.00       0.0       0.0                          
    0:00:05    1296.7      0.00       0.0       0.0                          
    0:00:05    1296.7      0.00       0.0       0.0                          
    0:00:05    1296.7      0.00       0.0       0.0                          
    0:00:05    1296.7      0.00       0.0       0.0                          
    0:00:05    1296.7      0.00       0.0       0.0                          
    0:00:05    1296.7      0.00       0.0       0.0                          
    0:00:05    1296.7      0.00       0.0       0.0                          
Loading db file '/home/ICer/Assignments/ASS2/SYN/std_cells/scmetro_tsmc_cl013g_rvt_ss_1p08v_125c.db'


Note: Symbol # after min delay cost means estimated hold TNS across all active scenarios 


  Optimization Complete
  ---------------------
1
################################################################### 
# Setting Test Timing Variables
################################################################### 
# Preclock Measure Protocol (default protocol)
set test_default_period 1000
1000
set test_default_delay 0
0
set test_default_bidir_delay 0
0
set test_default_strobe 200
200
set test_default_strobe_width 0
0
########################## Define DFT Signals ##########################
set_dft_signal -port [get_ports scan_clk] -type ScanClock -view existing_dft -timing {500 1000}
Accepted dft signal specification for modes: all_dft
1
set_dft_signal  -port [get_ports scan_rst] -type Reset -view existing_dft -active_state 0
Accepted dft signal specification for modes: all_dft
1
set_dft_signal -port [get_ports test_mode] -type Constant -view existing_dft -active_state 1
Accepted dft signal specification for modes: all_dft
1
set_dft_signal -port [get_ports test_mode] -type TestMode  -view spec -active_state 1
Accepted dft signal specification for modes: all_dft
1
set_dft_signal -port [get_ports SE] -type ScanEnable -view spec -active_state 1
Accepted dft signal specification for modes: all_dft
1
set_dft_signal  -port [get_ports SI] -type ScanDataIn -view spec
Accepted dft signal specification for modes: all_dft
1
set_dft_signal  -port [get_ports SO] -type ScanDataOut -view spec
Accepted dft signal specification for modes: all_dft
1
############################# Create Test Protocol #####################
create_test_protocol
In mode: all_dft...

Information: Starting test protocol creation. (TEST-219)
  ...reading user specified clock signals...
Information: Identified system/test clock port scan_clk (500.0,1000.0). (TEST-265)
  ...reading user specified asynchronous signals...
Information: Identified active low asynchronous control port scan_rst. (TEST-266)
1
###################### Pre-DFT Design Rule Checking ####################
dft_drc -verbose
In mode: all_dft...
  Pre-DFT DRC enabled

Information: Starting test design rule checking. (TEST-222)
  Loading test protocol
  ...basic checks...
  ...basic sequential cell checks...
  	...checking for scan equivalents...
  ...checking vector rules...
  ...checking pre-dft rules...

-----------------------------------------------------------------
  DRC Report

  Total violations: 0

-----------------------------------------------------------------


Test Design rule checking did not find violations

-----------------------------------------------------------------
  Sequential Cell Report

  0 out of 24 sequential cells have violations

-----------------------------------------------------------------

SEQUENTIAL CELLS WITHOUT VIOLATIONS
      *  24 cells are valid scan cells
         u_fsm/busy_reg
         u_fsm/Current_State_reg[1]
         u_fsm/Current_State_reg[2]
         u_fsm/Current_State_reg[0]
         u_serializer/DATA_V_reg[6]
         u_serializer/DATA_V_reg[5]
         u_serializer/DATA_V_reg[4]
         u_serializer/DATA_V_reg[3]
         u_serializer/DATA_V_reg[2]
         u_serializer/DATA_V_reg[1]
         u_serializer/DATA_V_reg[7]
         u_serializer/ser_count_reg[1]
         u_serializer/ser_count_reg[0]
         u_serializer/ser_count_reg[2]
         u_serializer/DATA_V_reg[0]
         u_parity/DATA_V_reg[5]
         u_parity/DATA_V_reg[1]
         u_parity/DATA_V_reg[4]
         u_parity/DATA_V_reg[0]
         u_parity/DATA_V_reg[2]
         u_parity/DATA_V_reg[3]
         u_parity/DATA_V_reg[6]
         u_parity/DATA_V_reg[7]
         u_parity/par_bit_reg

Information: Test design rule checking completed. (TEST-123)
1
############################# Preview DFT ##############################
preview_dft -show scan_summary
  Information: Using test design rule information from previous dft_drc run.
  Architecting Scan Chains

****************************************
Preview_dft report
For    : 'Insert_dft' command
Design : UART_TX
Version: O-2018.06-SP1
Date   : Tue Sep  8 03:48:25 2026
****************************************

Number of chains: 1
Scan methodology: full_scan
Scan style: multiplexed_flip_flop
Clock domain: no_mix
Scan enable: SE (no hookup pin)

Chain      Scan Ports (si --> so)        # of Cells   Inst/Chain               Clock (port, time, edge)
-----      ----------------------        ----------   ----------               ------------------------
S 1        SI -->  SO                            24   u_fsm/Current_State_reg[0]
                            (scan_clk, 500.0, rising) 
1
############################# Insert DFT ###############################
insert_dft
  Information: Using test design rule information from previous dft_drc run.
  Architecting Scan Chains
  Routing Scan Chains
  Routing Global Signals
  Mapping New Logic
Resetting current test mode
  Beginning Mapping Optimizations
  -------------------------------

                                  TOTAL                                      
   ELAPSED            WORST NEG   SETUP    DESIGN                            
    TIME      AREA      SLACK     COST    RULE COST         ENDPOINT         
  --------- --------- --------- --------- --------- -------------------------


  Beginning Phase 1 Design Rule Fixing  (max_transition)  (max_capacitance)
  ------------------------------------

                                  TOTAL                                      
   ELAPSED            WORST NEG   SETUP    DESIGN                            
    TIME      AREA      SLACK     COST    RULE COST         ENDPOINT         
  --------- --------- --------- --------- --------- -------------------------
    0:00:07    1303.8      0.00       0.0       0.5 u_parity/Busy            
    0:00:07    1310.8      0.00       0.0       0.5 u_serializer/Busy        
    0:00:07    1320.3      0.00       0.0       0.3 Busy                     
    0:00:07    1339.1      0.00       0.0       0.2 net1260                  
    0:00:07    1339.1      0.00       0.0       0.2 net1260                  


  Beginning Phase 2 Design Rule Fixing  (max_transition)  (max_capacitance)
  ------------------------------------

                                  TOTAL                                      
   ELAPSED            WORST NEG   SETUP    DESIGN                            
    TIME      AREA      SLACK     COST    RULE COST         ENDPOINT         
  --------- --------- --------- --------- --------- -------------------------

1
######################## Optimize Logic post DFT #######################
compile -scan -incremental
Information: Choosing a test methodology will restrict the optimization of sequential cells. (UIO-12)

Warning: Operating condition scmetro_tsmc_cl013g_rvt_ss_1p08v_125c set on design UART_TX has different process,
voltage and temperatures parameters than the parameters at which target library 
scmetro_tsmc_cl013g_rvt_tt_1p2v_25c is characterized. Delays may be inaccurate as a result. (OPT-998)

  Beginning Pass 1 Mapping  (Incremental)
  ------------------------

  Updating timing information
Information: Updating design information... (UID-85)

  Beginning Mapping Optimizations  (Medium effort)  (Incremental)
  -------------------------------

  Beginning Incremental Implementation Selection
  ----------------------------------------------

  Beginning Delay Optimization Phase
  ----------------------------------

                                  TOTAL                                      
   ELAPSED            WORST NEG   SETUP    DESIGN                            
    TIME      AREA      SLACK     COST    RULE COST         ENDPOINT         
  --------- --------- --------- --------- --------- -------------------------
    0:00:01    1339.1      0.00       0.0       0.2                          
    0:00:01    1339.1      0.00       0.0       0.2                          
    0:00:02    1339.1      0.00       0.0       0.2                          


  Beginning Design Rule Fixing  (max_transition)  (max_capacitance)
  ----------------------------

                                  TOTAL                                      
   ELAPSED            WORST NEG   SETUP    DESIGN                            
    TIME      AREA      SLACK     COST    RULE COST         ENDPOINT         
  --------- --------- --------- --------- --------- -------------------------
    0:00:02    1339.1      0.00       0.0       0.2                          
    0:00:02    1329.7      0.00       0.0       0.0                          
Loading db file '/home/ICer/Assignments/ASS2/SYN/std_cells/scmetro_tsmc_cl013g_rvt_tt_1p2v_25c.db'
Loading db file '/home/ICer/Assignments/ASS2/SYN/std_cells/scmetro_tsmc_cl013g_rvt_ff_1p32v_m40c.db'
Loading db file '/home/ICer/Assignments/ASS2/SYN/std_cells/scmetro_tsmc_cl013g_rvt_ss_1p08v_125c.db'


Note: Symbol # after min delay cost means estimated hold TNS across all active scenarios 


  Optimization Complete
  ---------------------
1
###################### Design Rule Checking post DFT ###################
set_case_analysis 0 [get_port test_mode]
1
dft_drc -verbose -coverage_estimate > dft_drc_post_dft.rpt
#############################################################################
# Write out Design after initial compile
#############################################################################
change_name -hier -rule verilog
1
write_file -format verilog -hierarchy -output UART_TX_dft.v
Writing verilog file '/home/ICer/Assignments/ASS2/dft/UART_TX_dft.v'.
1
################# reporting #######################
report_area -hierarchy > Area.rpt
report_power -hierarchy > power.rpt
report_timing -max_paths 100 -delay_type min > hold.rpt
report_timing -max_paths 100 -delay_type max > setup.rpt
report_clock -attributes > clocks.rpt
report_constraint -all_violators > constraints.rpt
report_port -verbose > ports.rpt
################# starting graphical user interface #######################
#gui_start
dc_shell> 