 
****************************************
Report : clocks
Design : SYS_TOP
Version: O-2018.06-SP1
Date   : Mon Oct  5 18:35:49 2026
****************************************

Attributes:
    d - dont_touch_network
    f - fix_hold
    p - propagated_clock
    G - generated_clock
    g - lib_generated_clock

Clock          Period   Waveform            Attrs     Sources
--------------------------------------------------------------------------------
ALU_CLK         20.00   {0 10}              G d       {CLK_GATE_UNIT/GATED_CLK}
DFTCLK         100.00   {0 50}                        {scan_clk}
REF_CLK         20.00   {0 10}              d         {REF_CLK}
RX_CLK         271.30   {0 135.648}         G d       {RX_CLK_GEN/o_div_clk}
TX_CLK        8681.50   {0 4340.75}         G d       {TX_CLK_GEN/o_div_clk}
UART_CLK       271.30   {0 135.648}         d         {UART_CLK}
--------------------------------------------------------------------------------

Generated     Master         Generated      Master         Waveform
Clock         Source         Source         Clock          Modification
--------------------------------------------------------------------------------
ALU_CLK       REF_CLK        {CLK_GATE_UNIT/GATED_CLK}
                                            REF_CLK        divide_by(1)
RX_CLK        UART_CLK       {RX_CLK_GEN/o_div_clk}
                                            UART_CLK       divide_by(1)
TX_CLK        UART_CLK       {TX_CLK_GEN/o_div_clk}
                                            UART_CLK       divide_by(32)
--------------------------------------------------------------------------------
1
