
                           Design Compiler Graphical 
                                 DC Ultra (TM)
                                  DFTMAX (TM)
                              Power Compiler (TM)
                                 DesignWare (R)
                                 DC Expert (TM)
                               Design Vision (TM)
                               HDL Compiler (TM)
                               VHDL Compiler (TM)
                                  DFT Compiler
                               Design Compiler(R)

               Version O-2018.06-SP1 for linux64 - Jul 19, 2018 

                    Copyright (c) 1988 - 2018 Synopsys, Inc.
   This software and the associated documentation are proprietary to Synopsys,
 Inc. This software may only be used in accordance with the terms and conditions
 of a written license agreement with Synopsys, Inc. All other use, reproduction,
            or distribution of this software is strictly prohibited.
Initializing...
Initializing gui preferences from file  /home/ICer/.synopsys_dv_prefs.tcl
########################### Define Top Module ############################
set top_module UART_TX
UART_TX
##################### Define Working Library Directory ######################
define_design_lib work -path ./work
1
################## Design Compiler Library Files #setup ######################
lappend search_path /home/ICer/Assignments/ASS2/SYN/std_cells
. /home/synopsys/syn/O-2018.06-SP1/libraries/syn /home/synopsys/syn/O-2018.06-SP1/minpower/syn /home/synopsys/syn/O-2018.06-SP1/dw/syn_ver /home/synopsys/syn/O-2018.06-SP1/dw/sim_ver /home/ICer/Assignments/ASS2/SYN/std_cells
lappend search_path /home/ICer/Assignments/ASS2/RTL
. /home/synopsys/syn/O-2018.06-SP1/libraries/syn /home/synopsys/syn/O-2018.06-SP1/minpower/syn /home/synopsys/syn/O-2018.06-SP1/dw/syn_ver /home/synopsys/syn/O-2018.06-SP1/dw/sim_ver /home/ICer/Assignments/ASS2/SYN/std_cells /home/ICer/Assignments/ASS2/RTL
set SSLIB "scmetro_tsmc_cl013g_rvt_ss_1p08v_125c.db"
scmetro_tsmc_cl013g_rvt_ss_1p08v_125c.db
set TTLIB "scmetro_tsmc_cl013g_rvt_tt_1p2v_25c.db"
scmetro_tsmc_cl013g_rvt_tt_1p2v_25c.db
set FFLIB "scmetro_tsmc_cl013g_rvt_ff_1p32v_m40c.db"
scmetro_tsmc_cl013g_rvt_ff_1p32v_m40c.db
## Standard Cell libraries 
set target_library [list $SSLIB $TTLIB $FFLIB]
scmetro_tsmc_cl013g_rvt_ss_1p08v_125c.db scmetro_tsmc_cl013g_rvt_tt_1p2v_25c.db scmetro_tsmc_cl013g_rvt_ff_1p32v_m40c.db
## Standard Cell & Hard Macros libraries 
set link_library [list * $SSLIB $TTLIB $FFLIB]  
* scmetro_tsmc_cl013g_rvt_ss_1p08v_125c.db scmetro_tsmc_cl013g_rvt_tt_1p2v_25c.db scmetro_tsmc_cl013g_rvt_ff_1p32v_m40c.db
#echo "###############################################"
#echo "############# Reading RTL Files  ##############"
#echo "###############################################"
set file_format verilog
verilog
read_file -format $file_format UART_TX.v
Loading db file '/home/ICer/Assignments/ASS2/SYN/std_cells/scmetro_tsmc_cl013g_rvt_ss_1p08v_125c.db'
Loading db file '/home/ICer/Assignments/ASS2/SYN/std_cells/scmetro_tsmc_cl013g_rvt_tt_1p2v_25c.db'
Loading db file '/home/ICer/Assignments/ASS2/SYN/std_cells/scmetro_tsmc_cl013g_rvt_ff_1p32v_m40c.db'
Loading db file '/home/synopsys/syn/O-2018.06-SP1/libraries/syn/gtech.db'
Loading db file '/home/synopsys/syn/O-2018.06-SP1/libraries/syn/standard.sldb'
  Loading link library 'scmetro_tsmc_cl013g_rvt_ss_1p08v_125c'
  Loading link library 'scmetro_tsmc_cl013g_rvt_tt_1p2v_25c'
  Loading link library 'scmetro_tsmc_cl013g_rvt_ff_1p32v_m40c'
  Loading link library 'gtech'
Loading verilog file '/home/ICer/Assignments/ASS2/RTL/UART_TX.v'
Detecting input file type automatically (-rtl or -netlist).
Reading with Presto HDL Compiler (equivalent to -rtl option).
Running PRESTO HDLC
Compiling source file /home/ICer/Assignments/ASS2/RTL/UART_TX.v
Presto compilation completed successfully.
Current design is now '/home/ICer/Assignments/ASS2/RTL/UART_TX.db:UART_TX'
Loaded 1 design.
Current design is 'UART_TX'.
UART_TX
read_file -format $file_format FSM.v
Loading verilog file '/home/ICer/Assignments/ASS2/RTL/FSM.v'
Detecting input file type automatically (-rtl or -netlist).
Reading with Presto HDL Compiler (equivalent to -rtl option).
Running PRESTO HDLC
Compiling source file /home/ICer/Assignments/ASS2/RTL/FSM.v

Statistics for case statements in always block at line 39 in file
	'/home/ICer/Assignments/ASS2/RTL/FSM.v'
===============================================
|           Line           |  full/ parallel  |
===============================================
|            41            |    auto/auto     |
===============================================

Statistics for case statements in always block at line 80 in file
	'/home/ICer/Assignments/ASS2/RTL/FSM.v'
===============================================
|           Line           |  full/ parallel  |
===============================================
|            85            |    auto/auto     |
===============================================

Inferred memory devices in process
	in routine FSM line 29 in file
		'/home/ICer/Assignments/ASS2/RTL/FSM.v'.
===============================================================================
|    Register Name    |   Type    | Width | Bus | MB | AR | AS | SR | SS | ST |
===============================================================================
|  Current_State_reg  | Flip-flop |   3   |  Y  | N  | Y  | N  | N  | N  | N  |
===============================================================================

Inferred memory devices in process
	in routine FSM line 112 in file
		'/home/ICer/Assignments/ASS2/RTL/FSM.v'.
===============================================================================
|    Register Name    |   Type    | Width | Bus | MB | AR | AS | SR | SS | ST |
===============================================================================
|      busy_reg       | Flip-flop |   1   |  N  | N  | Y  | N  | N  | N  | N  |
===============================================================================
Presto compilation completed successfully.
Current design is now '/home/ICer/Assignments/ASS2/RTL/FSM.db:FSM'
Loaded 1 design.
Current design is 'FSM'.
FSM
read_file -format $file_format MUX.v
Loading verilog file '/home/ICer/Assignments/ASS2/RTL/MUX.v'
Detecting input file type automatically (-rtl or -netlist).
Reading with Presto HDL Compiler (equivalent to -rtl option).
Running PRESTO HDLC
Compiling source file /home/ICer/Assignments/ASS2/RTL/MUX.v

Statistics for case statements in always block at line 15 in file
	'/home/ICer/Assignments/ASS2/RTL/MUX.v'
===============================================
|           Line           |  full/ parallel  |
===============================================
|            16            |    auto/auto     |
===============================================
Presto compilation completed successfully.
Current design is now '/home/ICer/Assignments/ASS2/RTL/MUX.db:MUX'
Loaded 1 design.
Current design is 'MUX'.
MUX
read_file -format $file_format Parity_Calc.v
Loading verilog file '/home/ICer/Assignments/ASS2/RTL/Parity_Calc.v'
Detecting input file type automatically (-rtl or -netlist).
Reading with Presto HDL Compiler (equivalent to -rtl option).
Running PRESTO HDLC
Compiling source file /home/ICer/Assignments/ASS2/RTL/Parity_Calc.v

Statistics for case statements in always block at line 30 in file
	'/home/ICer/Assignments/ASS2/RTL/Parity_Calc.v'
===============================================
|           Line           |  full/ parallel  |
===============================================
|            40            |    auto/auto     |
===============================================

Inferred memory devices in process
	in routine Parity_Calc line 17 in file
		'/home/ICer/Assignments/ASS2/RTL/Parity_Calc.v'.
===============================================================================
|    Register Name    |   Type    | Width | Bus | MB | AR | AS | SR | SS | ST |
===============================================================================
|     DATA_V_reg      | Flip-flop |   8   |  Y  | N  | Y  | N  | N  | N  | N  |
===============================================================================

Inferred memory devices in process
	in routine Parity_Calc line 30 in file
		'/home/ICer/Assignments/ASS2/RTL/Parity_Calc.v'.
===============================================================================
|    Register Name    |   Type    | Width | Bus | MB | AR | AS | SR | SS | ST |
===============================================================================
|     par_bit_reg     | Flip-flop |   1   |  N  | N  | Y  | N  | N  | N  | N  |
===============================================================================
Presto compilation completed successfully.
Current design is now '/home/ICer/Assignments/ASS2/RTL/Parity_Calc.db:Parity_Calc'
Loaded 1 design.
Current design is 'Parity_Calc'.
Parity_Calc
read_file -format $file_format serializer.v
Loading verilog file '/home/ICer/Assignments/ASS2/RTL/serializer.v'
Detecting input file type automatically (-rtl or -netlist).
Reading with Presto HDL Compiler (equivalent to -rtl option).
Running PRESTO HDLC
Compiling source file /home/ICer/Assignments/ASS2/RTL/serializer.v

Inferred memory devices in process
	in routine Serializer line 19 in file
		'/home/ICer/Assignments/ASS2/RTL/serializer.v'.
===============================================================================
|    Register Name    |   Type    | Width | Bus | MB | AR | AS | SR | SS | ST |
===============================================================================
|     DATA_V_reg      | Flip-flop |   8   |  Y  | N  | Y  | N  | N  | N  | N  |
===============================================================================

Inferred memory devices in process
	in routine Serializer line 37 in file
		'/home/ICer/Assignments/ASS2/RTL/serializer.v'.
===============================================================================
|    Register Name    |   Type    | Width | Bus | MB | AR | AS | SR | SS | ST |
===============================================================================
|    ser_count_reg    | Flip-flop |   3   |  Y  | N  | Y  | N  | N  | N  | N  |
===============================================================================
Presto compilation completed successfully.
Current design is now '/home/ICer/Assignments/ASS2/RTL/Serializer.db:Serializer'
Loaded 1 design.
Current design is 'Serializer'.
Serializer
###################### Defining toplevel ###################################
current_design $top_module
Current design is 'UART_TX'.
{UART_TX}
#################### Liniking All The Design Parts #########################
puts "###############################################"
###############################################
puts "######## Liniking All The Design Parts ########"
######## Liniking All The Design Parts ########
puts "###############################################"
###############################################
link 

  Linking design 'UART_TX'
  Using the following designs and libraries:
  --------------------------------------------------------------------------
  * (5 designs)               /home/ICer/Assignments/ASS2/RTL/UART_TX.db, etc
  scmetro_tsmc_cl013g_rvt_ss_1p08v_125c (library) /home/ICer/Assignments/ASS2/SYN/std_cells/scmetro_tsmc_cl013g_rvt_ss_1p08v_125c.db
  scmetro_tsmc_cl013g_rvt_tt_1p2v_25c (library) /home/ICer/Assignments/ASS2/SYN/std_cells/scmetro_tsmc_cl013g_rvt_tt_1p2v_25c.db
  scmetro_tsmc_cl013g_rvt_ff_1p32v_m40c (library) /home/ICer/Assignments/ASS2/SYN/std_cells/scmetro_tsmc_cl013g_rvt_ff_1p32v_m40c.db

1
#################### Liniking All The Design Parts #########################
puts "###############################################"
###############################################
puts "######## checking design consistency ##########"
######## checking design consistency ##########
puts "###############################################"
###############################################
check_design
 
****************************************
check_design summary:
Version:     O-2018.06-SP1
Date:        Thu Aug 13 04:53:14 2026
****************************************

                   Name                                            Total
--------------------------------------------------------------------------------
Cells                                                               1
    Cells do not drive (LINT-1)                                     1
--------------------------------------------------------------------------------

Warning: In design 'Serializer', cell 'C99' does not drive any nets. (LINT-1)
1
############################### Path groups ################################
puts "###############################################"
###############################################
puts "################ Path groups ##################"
################ Path groups ##################
puts "###############################################"
###############################################
group_path -name INREG -from [all_inputs]
1
group_path -name REGOUT -to [all_outputs]
1
group_path -name INOUT -from [all_inputs] -to [all_outputs]
1
#################### Define Design Constraints #########################
puts "###############################################"
###############################################
puts "############ Design Constraints #### ##########"
############ Design Constraints #### ##########
puts "###############################################"
###############################################
source -echo ./cons.tcl
# Constraints
# ----------------------------------------------------------------------------
#
# 1. Master Clock Definitions
#
# 2. Generated Clock Definitions
#
# 3. Clock Uncertainties
#
# 4. Clock Latencies 
#
# 5. Clock Relationships
#
# 6. set input/output delay on ports
#
# 7. Driving cells
#
# 8. Output load
####################################################################################
#########################################################
#### Section 1 : Clock Definition ####
#########################################################
#################################################################################### 
# 1. Master Clock Definitions 
# 2. Generated Clock Definitions
# 3. Clock Latencies
# 4. Clock Uncertainties
# 4. Clock Transitions
####################################################################################
set CLK_NAME Master_CLK
set CLK_PER 8680.555556
set CLK_SETUP_SKEW 0.25
set CLK_HOLD_SKEW 0.05
set CLK_LAT 0
set CLK_RISE 0.1
set CLK_FALL 0.1
create_clock -name $CLK_NAME -period $CLK_PER -waveform "0 [expr $CLK_PER/2]" [get_ports clk]
set_clock_uncertainty -setup $CLK_SETUP_SKEW [get_clocks $CLK_NAME]
set_clock_uncertainty -hold  $CLK_HOLD_SKEW  [get_clocks $CLK_NAME]
set_clock_transition  -rise  $CLK_RISE       [get_clocks $CLK_NAME]
set_clock_transition  -fall  $CLK_FALL       [get_clocks $CLK_NAME]
set_clock_latency            $CLK_LAT        [get_clocks $CLK_NAME]
set_dont_touch_network [get_clocks $CLK_NAME]
####################################################################################
#########################################################
#### Section 2 : Clocks Relationships ####
#########################################################
####################################################################################
####################################################################################
#########################################################
#### Section 3 : set input/output delay on ports ####
#########################################################
####################################################################################
set in_delay  [expr 0.3*$CLK_PER]
set out_delay [expr 0.3*$CLK_PER]
set_input_delay $in_delay -clock $CLK_NAME [get_ports {P_DATA Data_Valid PAR_EN PAR_TYP} ]
set_output_delay $out_delay -clock $CLK_NAME [get_ports {TX_OUT Busy} ]
#Constrain Input Paths
#Constrain Output Paths
####################################################################################
#########################################################
#### Section 4 : Driving cells ####
#########################################################
####################################################################################
set_driving_cell -library scmetro_tsmc_cl013g_rvt_ss_1p08v_125c -lib_cell BUFX2M [get_ports {P_DATA Data_Valid PAR_EN PAR_TYP clk RST} ]
Warning: Design rule attributes from the driving cell will be
	set on the port. (UID-401)
Warning: Design rule attributes from the driving cell will be
	set on the port. (UID-401)
Warning: Design rule attributes from the driving cell will be
	set on the port. (UID-401)
Warning: Design rule attributes from the driving cell will be
	set on the port. (UID-401)
Warning: Design rule attributes from the driving cell will be
	set on the port. (UID-401)
Warning: Design rule attributes from the driving cell will be
	set on the port. (UID-401)
Warning: Design rule attributes from the driving cell will be
	set on the port. (UID-401)
Warning: Design rule attributes from the driving cell will be
	set on the port. (UID-401)
Warning: Design rule attributes from the driving cell will be
	set on the port. (UID-401)
Warning: Design rule attributes from the driving cell will be
	set on the port. (UID-401)
Warning: Design rule attributes from the driving cell will be
	set on the port. (UID-401)
Warning: Design rule attributes from the driving cell will be
	set on the port. (UID-401)
Warning: Design rule attributes from the driving cell will be
	set on the port. (UID-401)
####################################################################################
#########################################################
#### Section 5 : Output load ####
#########################################################
####################################################################################
set_load 0.5 [get_ports {TX_OUT Busy} ]
####################################################################################
#########################################################
#### Section 6 : Operating Condition ####
#########################################################
####################################################################################
# Define the Worst Library for Max(#setup) analysis
# Define the Best Library for Min(hold) analysis
set_operating_conditions -max_library scmetro_tsmc_cl013g_rvt_ss_1p08v_125c -max scmetro_tsmc_cl013g_rvt_ss_1p08v_125c -min_library scmetro_tsmc_cl013g_rvt_ff_1p32v_m40c -min scmetro_tsmc_cl013g_rvt_ff_1p32v_m40c
Using operating conditions 'scmetro_tsmc_cl013g_rvt_ss_1p08v_125c' found in library 'scmetro_tsmc_cl013g_rvt_ss_1p08v_125c'.
Using operating conditions 'scmetro_tsmc_cl013g_rvt_ff_1p32v_m40c' found in library 'scmetro_tsmc_cl013g_rvt_ff_1p32v_m40c'.
####################################################################################
#########################################################
#### Section 7 : wireload Model ####
#########################################################
####################################################################################
set_wire_load_model -name tsmc13_wl30 -library scmetro_tsmc_cl013g_rvt_ss_1p08v_125c
####################################################################################
#########################################################
#### Section 8 : multicycle path ####
#########################################################
####################################################################################
###################### Mapping and optimization ########################
puts "###############################################"
###############################################
puts "########## Mapping & Optimization #############"
########## Mapping & Optimization #############
puts "###############################################"
###############################################
compile -map_effort high
Information: Evaluating DesignWare library utilization. (UISN-27)

============================================================================
| DesignWare Building Block Library  |         Version         | Available |
============================================================================
| Basic DW Building Blocks           | O-2018.06-DWBB_201806.1 |     *     |
| Licensed DW Building Blocks        |                         |           |
============================================================================


Information: There are 1 potential problems in your design. Please run 'check_design' for more information. (LINT-99)


Warning: Operating condition scmetro_tsmc_cl013g_rvt_ss_1p08v_125c set on design UART_TX has different process,
voltage and temperatures parameters than the parameters at which target library 
scmetro_tsmc_cl013g_rvt_tt_1p2v_25c is characterized. Delays may be inaccurate as a result. (OPT-998)

  Beginning Pass 1 Mapping
  ------------------------
  Processing 'MUX'
  Processing 'Parity_Calc'
  Processing 'Serializer'
  Processing 'FSM'
  Processing 'UART_TX'

  Updating timing information
Information: Updating design information... (UID-85)

  Beginning Mapping Optimizations  (High effort)
  -------------------------------
Loading db file '/home/ICer/Assignments/ASS2/SYN/std_cells/scmetro_tsmc_cl013g_rvt_tt_1p2v_25c.db'
Loading db file '/home/ICer/Assignments/ASS2/SYN/std_cells/scmetro_tsmc_cl013g_rvt_ff_1p32v_m40c.db'

                                  TOTAL                                      
   ELAPSED            WORST NEG   SETUP    DESIGN                            
    TIME      AREA      SLACK     COST    RULE COST         ENDPOINT         
  --------- --------- --------- --------- --------- -------------------------
    0:00:09    2022.7      0.00       0.0       6.4                          
    0:00:09    2022.7      0.00       0.0       6.4                          
    0:00:09    2022.7      0.00       0.0       6.4                          
    0:00:09    2022.7      0.00       0.0       6.4                          
    0:00:09    2022.7      0.00       0.0       6.4                          
    0:00:09    1260.2      0.00       0.0       2.9                          
    0:00:09    1256.7      0.00       0.0       2.9                          
    0:00:09    1256.7      0.00       0.0       2.9                          
    0:00:09    1256.7      0.00       0.0       2.9                          
    0:00:09    1256.7      0.00       0.0       2.9                          
    0:00:09    1256.7      0.00       0.0       2.9                          
    0:00:09    1257.9      0.00       0.0       0.0                          
    0:00:09    1257.9      0.00       0.0       0.0                          
    0:00:09    1257.9      0.00       0.0       0.0                          
    0:00:09    1257.9      0.00       0.0       0.0                          



  Beginning Delay Optimization Phase
  ----------------------------------

                                  TOTAL                                      
   ELAPSED            WORST NEG   SETUP    DESIGN                            
    TIME      AREA      SLACK     COST    RULE COST         ENDPOINT         
  --------- --------- --------- --------- --------- -------------------------
    0:00:09    1257.9      0.00       0.0       0.0                          
    0:00:09    1257.9      0.00       0.0       0.0                          
    0:00:09    1248.5      0.00       0.0       0.5                          


  Beginning Design Rule Fixing  (max_transition)  (max_capacitance)
  ----------------------------

                                  TOTAL                                      
   ELAPSED            WORST NEG   SETUP    DESIGN                            
    TIME      AREA      SLACK     COST    RULE COST         ENDPOINT         
  --------- --------- --------- --------- --------- -------------------------
    0:00:10    1248.5      0.00       0.0       0.5                          
    0:00:10    1255.5      0.00       0.0       0.0                          


  Beginning Area-Recovery Phase  (cleanup)
  -----------------------------

                                  TOTAL                                      
   ELAPSED            WORST NEG   SETUP    DESIGN                            
    TIME      AREA      SLACK     COST    RULE COST         ENDPOINT         
  --------- --------- --------- --------- --------- -------------------------
    0:00:10    1255.5      0.00       0.0       0.0                          
    0:00:10    1255.5      0.00       0.0       0.0                          
    0:00:10    1243.8      0.00       0.0       0.0                          
    0:00:10    1243.8      0.00       0.0       0.0                          
    0:00:10    1243.8      0.00       0.0       0.0                          
    0:00:10    1243.8      0.00       0.0       0.0                          
    0:00:10    1243.8      0.00       0.0       0.0                          
    0:00:10    1199.1      0.00       0.0       0.0                          
    0:00:10    1199.1      0.00       0.0       0.0                          
    0:00:10    1199.1      0.00       0.0       0.0                          
    0:00:10    1199.1      0.00       0.0       0.0                          
    0:00:10    1199.1      0.00       0.0       0.0                          
    0:00:10    1199.1      0.00       0.0       0.0                          
    0:00:10    1199.1      0.00       0.0       0.0                          
Loading db file '/home/ICer/Assignments/ASS2/SYN/std_cells/scmetro_tsmc_cl013g_rvt_ss_1p08v_125c.db'


Note: Symbol # after min delay cost means estimated hold TNS across all active scenarios 


  Optimization Complete
  ---------------------
1
#############################################################################
# Write out Design after initial compile
#############################################################################
write_file -format verilog -hierarchy -output UART_TX_Netlist.v
Writing verilog file '/home/ICer/Assignments/ASS2/SYN/syn/UART_TX_Netlist.v'.
Warning: Verilog 'assign' or 'tran' statements are written out. (VO-4)
1
write_file -format ddc -hierarchy -output UART_TX_Netlist.ddc
Writing ddc file 'UART_TX_Netlist.ddc'.
1
write_sdc -nosplit UART_TX.sdc
1
write_sdf UART_TX.sdf
Information: Annotated 'cell' delays are assumed to include load delay. (UID-282)
Information: Writing timing information to file '/home/ICer/Assignments/ASS2/SYN/syn/UART_TX.sdf'. (WT-3)
Information: Updating design information... (UID-85)
1
################# reporting #######################
report_area -hierarchy > area.rpt
report_power -hierarchy > power.rpt
report_timing -max_paths 100 -delay_type max > setup.rpt
report_timing -max_paths 100 -delay_type min > hold.rpt
report_clock -attributes > clocks.rpt
report_constraint -all_violators > constraints.rpt
################# starting graphical user interface #######################
exit

Memory usage for main task 269 Mbytes.
Memory usage for this session 269 Mbytes.
CPU usage for this session 14 seconds ( 0.00 hours ).

Thank you...
