In mode: Internal_scan...
  Design has scan chains in this mode
  Design is scan routed
  Post-DFT DRC enabled

Information: Starting test design rule checking. (TEST-222)
  Loading test protocol
  ...basic checks...
  ...basic sequential cell checks...
  ...checking vector rules...
  ...checking clock rules...
  ...checking scan chain rules...
  ...checking scan compression rules...
  ...checking X-state rules...
  ...checking tristate rules...
  ...extracting scan details...

-----------------------------------------------------------------
  DRC Report

  Total violations: 0

-----------------------------------------------------------------


Test Design rule checking did not find violations

-----------------------------------------------------------------
  Sequential Cell Report

  0 out of 24 sequential cells have violations

-----------------------------------------------------------------

SEQUENTIAL CELLS WITHOUT VIOLATIONS
      *  24 cells are valid scan cells
         u_fsm/busy_reg
         u_fsm/Current_State_reg[1]
         u_fsm/Current_State_reg[2]
         u_fsm/Current_State_reg[0]
         u_serializer/DATA_V_reg[6]
         u_serializer/DATA_V_reg[5]
         u_serializer/DATA_V_reg[4]
         u_serializer/DATA_V_reg[3]
         u_serializer/DATA_V_reg[2]
         u_serializer/DATA_V_reg[1]
         u_serializer/DATA_V_reg[7]
         u_serializer/ser_count_reg[1]
         u_serializer/ser_count_reg[0]
         u_serializer/ser_count_reg[2]
         u_serializer/DATA_V_reg[0]
         u_parity/DATA_V_reg[5]
         u_parity/DATA_V_reg[1]
         u_parity/DATA_V_reg[4]
         u_parity/DATA_V_reg[0]
         u_parity/DATA_V_reg[2]
         u_parity/DATA_V_reg[3]
         u_parity/DATA_V_reg[6]
         u_parity/DATA_V_reg[7]
         u_parity/par_bit_reg

....Inferring feed-through connections....
Information: Test design rule checking completed. (TEST-123)
  Running test coverage estimation...
 842 faults were added to fault list.
 0             620      6         0/0/0    97.98%      0.00
 0               6      0         0/0/0    98.69%      0.00
 
            Pattern Summary Report
 -----------------------------------------------
 #internal patterns                           0
 -----------------------------------------------
 

     Uncollapsed Stuck Fault Summary Report
 -----------------------------------------------
 fault class                     code   #faults
 ------------------------------  ----  ---------
 Detected                         DT        831
 Possibly detected                PT          0
 Undetectable                     UD          0
 ATPG untestable                  AU         11
 Not detected                     ND          0
 -----------------------------------------------
 total faults                               842
 test coverage                            98.69%
 -----------------------------------------------
  Information: The test coverage above may be inferior
               than the real test coverage with customized
               protocol and test simulation library.
1
